// Jest Snapshot v1, https://goo.gl/fbAQLP

exports[`Pruebas en <GifExpertApp /> Debe mostrar una lista de categor√≠as 1`] = `
<Fragment>
  <h2>
    GifExpertApp
  </h2>
  <AddCategory
    setCategories={[Function]}
  />
  <hr />
  <ol>
    <GifGrid
      category="Hellblade"
      key="Hellblade"
    />
    <GifGrid
      category="Darksiders 3"
      key="Darksiders 3"
    />
  </ol>
</Fragment>
`;

exports[`Pruebas en <GifExpertApp /> Debe mostrarse correctamente 1`] = `
<Fragment>
  <h2>
    GifExpertApp
  </h2>
  <AddCategory
    setCategories={[Function]}
  />
  <hr />
  <ol />
</Fragment>
`;
